Impossible de fournir un Top 10 car aucun résultat ne correspond aux critères.
