[Erreur 7] Une option spécifiée au moins n'existe pas.
