[Erreur 1] Le fichier à analyser n'a pas pu être ouvert.