Voici la liste des documents les plus consultés :
1. /temps/4IF16/Cible1.html HTTP/1.1 avec 4 accès
2. /temps/4IF16/Cible2.html HTTP/1.1 avec 1 accès
3. /temps/4IF16/Cible3.html HTTP/1.1 avec 1 accès
Il n'y a pas de sites supplémentaires pour ce classement.
