Voici la liste des documents les plus consultés :
1. /temps/4IF16.html HTTP/1.1 avec 10 accès
2. /temps/4IF16.9.html HTTP/1.1 avec 9 accès
3. /temps/4IF16.8.html HTTP/1.1 avec 8 accès
4. /temps/4IF16.7.html HTTP/1.1 avec 7 accès
5. /temps/4IF16.6.html HTTP/1.1 avec 6 accès
6. /temps/4IF16.5.html HTTP/1.1 avec 5 accès
7. /temps/4IF16.4.html HTTP/1.1 avec 4 accès
8. /temps/4IF16.3.html HTTP/1.1 avec 3 accès
9. /temps/4IF16.2.html HTTP/1.1 avec 2 accès
10. /temps/4IF16.1.html HTTP/1.1 avec 1 accès

