[Erreur 3] L'heure spécifiée doit être comprise entre 0 et 23 inclus.