[Erreur 8] Le nom du fichier associé à l'option g n'a pas été spécifié ou n'a pas la bonne extension.
